2026-01-20T18:36:10.726+02:00  INFO 2432 --- [veebipood] [main] e.mihkel.veebipood.VeebipoodApplication  : Starting VeebipoodApplication using Java 21.0.3 with PID 2432 (C:\Users\Admin\koolitused\full-stack-11-2025\veebipood\target\classes started by Admin in C:\Users\Admin\koolitused\full-stack-11-2025\veebipood)
2026-01-20T18:36:10.733+02:00  INFO 2432 --- [veebipood] [main] e.mihkel.veebipood.VeebipoodApplication  : The following 1 profile is active: "test"
2026-01-20T18:36:11.533+02:00  INFO 2432 --- [veebipood] [main] .s.d.r.c.RepositoryConfigurationDelegate : Bootstrapping Spring Data JPA repositories in DEFAULT mode.
2026-01-20T18:36:11.610+02:00  INFO 2432 --- [veebipood] [main] .s.d.r.c.RepositoryConfigurationDelegate : Finished Spring Data repository scanning in 68 ms. Found 4 JPA repository interfaces.
2026-01-20T18:36:12.322+02:00  INFO 2432 --- [veebipood] [main] o.s.b.w.embedded.tomcat.TomcatWebServer  : Tomcat initialized with port 8080 (http)
2026-01-20T18:36:12.339+02:00  INFO 2432 --- [veebipood] [main] o.apache.catalina.core.StandardService   : Starting service [Tomcat]
2026-01-20T18:36:12.340+02:00  INFO 2432 --- [veebipood] [main] o.apache.catalina.core.StandardEngine    : Starting Servlet engine: [Apache Tomcat/10.1.48]
2026-01-20T18:36:12.402+02:00  INFO 2432 --- [veebipood] [main] o.a.c.c.C.[Tomcat].[localhost].[/]       : Initializing Spring embedded WebApplicationContext
2026-01-20T18:36:12.403+02:00  INFO 2432 --- [veebipood] [main] w.s.c.ServletWebServerApplicationContext : Root WebApplicationContext: initialization completed in 1620 ms
2026-01-20T18:36:12.631+02:00  INFO 2432 --- [veebipood] [main] o.hibernate.jpa.internal.util.LogHelper  : HHH000204: Processing PersistenceUnitInfo [name: default]
2026-01-20T18:36:12.717+02:00  INFO 2432 --- [veebipood] [main] org.hibernate.Version                    : HHH000412: Hibernate ORM core version 6.6.33.Final
2026-01-20T18:36:12.772+02:00  INFO 2432 --- [veebipood] [main] o.h.c.internal.RegionFactoryInitiator    : HHH000026: Second-level cache disabled
2026-01-20T18:36:13.148+02:00  INFO 2432 --- [veebipood] [main] o.s.o.j.p.SpringPersistenceUnitInfo      : No LoadTimeWeaver setup: ignoring JPA class transformer
2026-01-20T18:36:13.186+02:00  INFO 2432 --- [veebipood] [main] com.zaxxer.hikari.HikariDataSource       : HikariPool-1 - Starting...
2026-01-20T18:36:13.417+02:00  INFO 2432 --- [veebipood] [main] com.zaxxer.hikari.pool.HikariPool        : HikariPool-1 - Added connection org.postgresql.jdbc.PgConnection@4e8d9bb6
2026-01-20T18:36:13.419+02:00  INFO 2432 --- [veebipood] [main] com.zaxxer.hikari.HikariDataSource       : HikariPool-1 - Start completed.
2026-01-20T18:36:13.536+02:00  INFO 2432 --- [veebipood] [main] org.hibernate.orm.connections.pooling    : HHH10001005: Database info:
	Database JDBC URL [Connecting through datasource 'HikariDataSource (HikariPool-1)']
	Database driver: undefined/unknown
	Database version: 16.2
	Autocommit mode: undefined/unknown
	Isolation level: undefined/unknown
	Minimum pool size: undefined/unknown
	Maximum pool size: undefined/unknown
2026-01-20T18:36:14.633+02:00  INFO 2432 --- [veebipood] [main] o.h.e.t.j.p.i.JtaPlatformInitiator       : HHH000489: No JTA platform available (set 'hibernate.transaction.jta.platform' to enable JTA platform integration)
2026-01-20T18:36:14.820+02:00  INFO 2432 --- [veebipood] [main] j.LocalContainerEntityManagerFactoryBean : Initialized JPA EntityManagerFactory for persistence unit 'default'
2026-01-20T18:36:15.320+02:00  WARN 2432 --- [veebipood] [main] JpaBaseConfiguration$JpaWebConfiguration : spring.jpa.open-in-view is enabled by default. Therefore, database queries may be performed during view rendering. Explicitly configure spring.jpa.open-in-view to disable this warning
2026-01-20T18:36:15.355+02:00  WARN 2432 --- [veebipood] [main] .s.s.UserDetailsServiceAutoConfiguration : 

Using generated security password: ed872c36-2e95-4055-8d22-cac50172e640

This generated password is for development use only. Your security configuration must be updated before running your application in production.

2026-01-20T18:36:15.365+02:00  INFO 2432 --- [veebipood] [main] r$InitializeUserDetailsManagerConfigurer : Global AuthenticationManager configured with UserDetailsService bean with name inMemoryUserDetailsManager
2026-01-20T18:36:15.959+02:00  INFO 2432 --- [veebipood] [main] o.s.b.w.embedded.tomcat.TomcatWebServer  : Tomcat started on port 8080 (http) with context path '/'
2026-01-20T18:36:15.967+02:00  INFO 2432 --- [veebipood] [main] e.mihkel.veebipood.VeebipoodApplication  : Started VeebipoodApplication in 5.876 seconds (process running for 6.896)
2026-01-20T18:36:24.223+02:00  INFO 2432 --- [veebipood] [http-nio-8080-exec-1] o.a.c.c.C.[Tomcat].[localhost].[/]       : Initializing Spring DispatcherServlet 'dispatcherServlet'
2026-01-20T18:36:24.223+02:00  INFO 2432 --- [veebipood] [http-nio-8080-exec-1] o.s.web.servlet.DispatcherServlet        : Initializing Servlet 'dispatcherServlet'
2026-01-20T18:36:24.226+02:00  INFO 2432 --- [veebipood] [http-nio-8080-exec-1] o.s.web.servlet.DispatcherServlet        : Completed initialization in 1 ms
2026-01-20T18:36:24.588+02:00  WARN 2432 --- [veebipood] [http-nio-8080-exec-6] ration$PageModule$WarningLoggingModifier : Serializing PageImpl instances as-is is not supported, meaning that there is no guarantee about the stability of the resulting JSON structure!
	For a stable JSON structure, please use Spring Data's PagedModel (globally via @EnableSpringDataWebSupport(pageSerializationMode = VIA_DTO))
	or Spring HATEOAS and Spring Data's PagedResourcesAssembler as documented in https://docs.spring.io/spring-data/commons/reference/repositories/core-extensions.html#core.web.pageables.

2026-01-20T19:05:08.088+02:00  WARN 2432 --- [veebipood] [http-nio-8080-exec-4] .w.s.m.s.DefaultHandlerExceptionResolver : Resolved [org.springframework.web.bind.MissingServletRequestParameterException: Required request parameter 'personId' for method parameter type Long is not present]
2026-01-20T19:05:16.577+02:00  WARN 2432 --- [veebipood] [http-nio-8080-exec-2] .w.s.m.s.DefaultHandlerExceptionResolver : Resolved [org.springframework.web.bind.MissingServletRequestParameterException: Required request parameter 'personId' for method parameter type Long is not present]
2026-01-20T19:07:06.665+02:00  INFO 2432 --- [veebipood] [SpringApplicationShutdownHook] o.s.b.w.e.tomcat.GracefulShutdown        : Commencing graceful shutdown. Waiting for active requests to complete
2026-01-20T19:07:06.673+02:00  INFO 2432 --- [veebipood] [tomcat-shutdown] o.s.b.w.e.tomcat.GracefulShutdown        : Graceful shutdown complete
2026-01-20T19:07:06.679+02:00  INFO 2432 --- [veebipood] [SpringApplicationShutdownHook] j.LocalContainerEntityManagerFactoryBean : Closing JPA EntityManagerFactory for persistence unit 'default'
2026-01-20T19:07:06.682+02:00  INFO 2432 --- [veebipood] [SpringApplicationShutdownHook] com.zaxxer.hikari.HikariDataSource       : HikariPool-1 - Shutdown initiated...
2026-01-20T19:07:06.685+02:00  INFO 2432 --- [veebipood] [SpringApplicationShutdownHook] com.zaxxer.hikari.HikariDataSource       : HikariPool-1 - Shutdown completed.
2026-01-20T19:07:10.485+02:00  INFO 19672 --- [veebipood] [main] e.mihkel.veebipood.VeebipoodApplication  : Starting VeebipoodApplication using Java 21.0.3 with PID 19672 (C:\Users\Admin\koolitused\full-stack-11-2025\veebipood\target\classes started by Admin in C:\Users\Admin\koolitused\full-stack-11-2025\veebipood)
2026-01-20T19:07:10.487+02:00  INFO 19672 --- [veebipood] [main] e.mihkel.veebipood.VeebipoodApplication  : The following 1 profile is active: "test"
2026-01-20T19:07:11.048+02:00  INFO 19672 --- [veebipood] [main] .s.d.r.c.RepositoryConfigurationDelegate : Bootstrapping Spring Data JPA repositories in DEFAULT mode.
2026-01-20T19:07:11.112+02:00  INFO 19672 --- [veebipood] [main] .s.d.r.c.RepositoryConfigurationDelegate : Finished Spring Data repository scanning in 58 ms. Found 4 JPA repository interfaces.
2026-01-20T19:07:11.511+02:00  INFO 19672 --- [veebipood] [main] o.s.b.w.embedded.tomcat.TomcatWebServer  : Tomcat initialized with port 8080 (http)
2026-01-20T19:07:11.521+02:00  INFO 19672 --- [veebipood] [main] o.apache.catalina.core.StandardService   : Starting service [Tomcat]
2026-01-20T19:07:11.521+02:00  INFO 19672 --- [veebipood] [main] o.apache.catalina.core.StandardEngine    : Starting Servlet engine: [Apache Tomcat/10.1.48]
2026-01-20T19:07:11.561+02:00  INFO 19672 --- [veebipood] [main] o.a.c.c.C.[Tomcat].[localhost].[/]       : Initializing Spring embedded WebApplicationContext
2026-01-20T19:07:11.561+02:00  INFO 19672 --- [veebipood] [main] w.s.c.ServletWebServerApplicationContext : Root WebApplicationContext: initialization completed in 1032 ms
2026-01-20T19:07:11.700+02:00  INFO 19672 --- [veebipood] [main] o.hibernate.jpa.internal.util.LogHelper  : HHH000204: Processing PersistenceUnitInfo [name: default]
2026-01-20T19:07:11.746+02:00  INFO 19672 --- [veebipood] [main] org.hibernate.Version                    : HHH000412: Hibernate ORM core version 6.6.33.Final
2026-01-20T19:07:11.771+02:00  INFO 19672 --- [veebipood] [main] o.h.c.internal.RegionFactoryInitiator    : HHH000026: Second-level cache disabled
2026-01-20T19:07:11.997+02:00  INFO 19672 --- [veebipood] [main] o.s.o.j.p.SpringPersistenceUnitInfo      : No LoadTimeWeaver setup: ignoring JPA class transformer
2026-01-20T19:07:12.021+02:00  INFO 19672 --- [veebipood] [main] com.zaxxer.hikari.HikariDataSource       : HikariPool-1 - Starting...
2026-01-20T19:07:12.168+02:00  INFO 19672 --- [veebipood] [main] com.zaxxer.hikari.pool.HikariPool        : HikariPool-1 - Added connection org.postgresql.jdbc.PgConnection@3d53e876
2026-01-20T19:07:12.169+02:00  INFO 19672 --- [veebipood] [main] com.zaxxer.hikari.HikariDataSource       : HikariPool-1 - Start completed.
2026-01-20T19:07:12.227+02:00  INFO 19672 --- [veebipood] [main] org.hibernate.orm.connections.pooling    : HHH10001005: Database info:
	Database JDBC URL [Connecting through datasource 'HikariDataSource (HikariPool-1)']
	Database driver: undefined/unknown
	Database version: 16.2
	Autocommit mode: undefined/unknown
	Isolation level: undefined/unknown
	Minimum pool size: undefined/unknown
	Maximum pool size: undefined/unknown
2026-01-20T19:07:13.007+02:00  INFO 19672 --- [veebipood] [main] o.h.e.t.j.p.i.JtaPlatformInitiator       : HHH000489: No JTA platform available (set 'hibernate.transaction.jta.platform' to enable JTA platform integration)
2026-01-20T19:07:13.115+02:00  INFO 19672 --- [veebipood] [main] j.LocalContainerEntityManagerFactoryBean : Initialized JPA EntityManagerFactory for persistence unit 'default'
2026-01-20T19:07:13.473+02:00  WARN 19672 --- [veebipood] [main] JpaBaseConfiguration$JpaWebConfiguration : spring.jpa.open-in-view is enabled by default. Therefore, database queries may be performed during view rendering. Explicitly configure spring.jpa.open-in-view to disable this warning
2026-01-20T19:07:13.497+02:00  WARN 19672 --- [veebipood] [main] .s.s.UserDetailsServiceAutoConfiguration : 

Using generated security password: 3a2d5354-54d1-4b6b-b17f-97dbfcca70fb

This generated password is for development use only. Your security configuration must be updated before running your application in production.

2026-01-20T19:07:13.501+02:00  INFO 19672 --- [veebipood] [main] r$InitializeUserDetailsManagerConfigurer : Global AuthenticationManager configured with UserDetailsService bean with name inMemoryUserDetailsManager
2026-01-20T19:07:13.899+02:00  INFO 19672 --- [veebipood] [main] o.s.b.w.embedded.tomcat.TomcatWebServer  : Tomcat started on port 8080 (http) with context path '/'
2026-01-20T19:07:13.905+02:00  INFO 19672 --- [veebipood] [main] e.mihkel.veebipood.VeebipoodApplication  : Started VeebipoodApplication in 3.863 seconds (process running for 4.469)
2026-01-20T19:21:39.463+02:00  INFO 19672 --- [veebipood] [http-nio-8080-exec-1] o.a.c.c.C.[Tomcat].[localhost].[/]       : Initializing Spring DispatcherServlet 'dispatcherServlet'
2026-01-20T19:21:39.465+02:00  INFO 19672 --- [veebipood] [http-nio-8080-exec-1] o.s.web.servlet.DispatcherServlet        : Initializing Servlet 'dispatcherServlet'
2026-01-20T19:21:39.469+02:00  INFO 19672 --- [veebipood] [http-nio-8080-exec-1] o.s.web.servlet.DispatcherServlet        : Completed initialization in 3 ms
2026-01-20T19:25:10.269+02:00  INFO 19672 --- [veebipood] [SpringApplicationShutdownHook] o.s.b.w.e.tomcat.GracefulShutdown        : Commencing graceful shutdown. Waiting for active requests to complete
2026-01-20T19:25:10.278+02:00  INFO 19672 --- [veebipood] [tomcat-shutdown] o.s.b.w.e.tomcat.GracefulShutdown        : Graceful shutdown complete
2026-01-20T19:25:10.282+02:00  INFO 19672 --- [veebipood] [SpringApplicationShutdownHook] j.LocalContainerEntityManagerFactoryBean : Closing JPA EntityManagerFactory for persistence unit 'default'
2026-01-20T19:25:10.287+02:00  INFO 19672 --- [veebipood] [SpringApplicationShutdownHook] com.zaxxer.hikari.HikariDataSource       : HikariPool-1 - Shutdown initiated...
2026-01-20T19:25:10.290+02:00  INFO 19672 --- [veebipood] [SpringApplicationShutdownHook] com.zaxxer.hikari.HikariDataSource       : HikariPool-1 - Shutdown completed.
2026-01-20T19:25:15.373+02:00  INFO 19420 --- [veebipood] [main] e.mihkel.veebipood.VeebipoodApplication  : Starting VeebipoodApplication using Java 21.0.3 with PID 19420 (C:\Users\Admin\koolitused\full-stack-11-2025\veebipood\target\classes started by Admin in C:\Users\Admin\koolitused\full-stack-11-2025\veebipood)
2026-01-20T19:25:15.376+02:00  INFO 19420 --- [veebipood] [main] e.mihkel.veebipood.VeebipoodApplication  : The following 1 profile is active: "test"
2026-01-20T19:25:16.205+02:00  INFO 19420 --- [veebipood] [main] .s.d.r.c.RepositoryConfigurationDelegate : Bootstrapping Spring Data JPA repositories in DEFAULT mode.
2026-01-20T19:25:16.271+02:00  INFO 19420 --- [veebipood] [main] .s.d.r.c.RepositoryConfigurationDelegate : Finished Spring Data repository scanning in 58 ms. Found 4 JPA repository interfaces.
2026-01-20T19:25:16.734+02:00  INFO 19420 --- [veebipood] [main] o.s.b.w.embedded.tomcat.TomcatWebServer  : Tomcat initialized with port 8080 (http)
2026-01-20T19:25:16.748+02:00  INFO 19420 --- [veebipood] [main] o.apache.catalina.core.StandardService   : Starting service [Tomcat]
2026-01-20T19:25:16.750+02:00  INFO 19420 --- [veebipood] [main] o.apache.catalina.core.StandardEngine    : Starting Servlet engine: [Apache Tomcat/10.1.48]
2026-01-20T19:25:16.820+02:00  INFO 19420 --- [veebipood] [main] o.a.c.c.C.[Tomcat].[localhost].[/]       : Initializing Spring embedded WebApplicationContext
2026-01-20T19:25:16.820+02:00  INFO 19420 --- [veebipood] [main] w.s.c.ServletWebServerApplicationContext : Root WebApplicationContext: initialization completed in 1397 ms
2026-01-20T19:25:17.093+02:00  INFO 19420 --- [veebipood] [main] o.hibernate.jpa.internal.util.LogHelper  : HHH000204: Processing PersistenceUnitInfo [name: default]
2026-01-20T19:25:17.182+02:00  INFO 19420 --- [veebipood] [main] org.hibernate.Version                    : HHH000412: Hibernate ORM core version 6.6.33.Final
2026-01-20T19:25:17.233+02:00  INFO 19420 --- [veebipood] [main] o.h.c.internal.RegionFactoryInitiator    : HHH000026: Second-level cache disabled
2026-01-20T19:25:17.650+02:00  INFO 19420 --- [veebipood] [main] o.s.o.j.p.SpringPersistenceUnitInfo      : No LoadTimeWeaver setup: ignoring JPA class transformer
2026-01-20T19:25:17.705+02:00  INFO 19420 --- [veebipood] [main] com.zaxxer.hikari.HikariDataSource       : HikariPool-1 - Starting...
2026-01-20T19:25:17.938+02:00  INFO 19420 --- [veebipood] [main] com.zaxxer.hikari.pool.HikariPool        : HikariPool-1 - Added connection org.postgresql.jdbc.PgConnection@18db3b3c
2026-01-20T19:25:17.941+02:00  INFO 19420 --- [veebipood] [main] com.zaxxer.hikari.HikariDataSource       : HikariPool-1 - Start completed.
2026-01-20T19:25:18.050+02:00  INFO 19420 --- [veebipood] [main] org.hibernate.orm.connections.pooling    : HHH10001005: Database info:
	Database JDBC URL [Connecting through datasource 'HikariDataSource (HikariPool-1)']
	Database driver: undefined/unknown
	Database version: 16.2
	Autocommit mode: undefined/unknown
	Isolation level: undefined/unknown
	Minimum pool size: undefined/unknown
	Maximum pool size: undefined/unknown
2026-01-20T19:25:19.725+02:00  INFO 19420 --- [veebipood] [main] o.h.e.t.j.p.i.JtaPlatformInitiator       : HHH000489: No JTA platform available (set 'hibernate.transaction.jta.platform' to enable JTA platform integration)
2026-01-20T19:25:19.856+02:00  INFO 19420 --- [veebipood] [main] j.LocalContainerEntityManagerFactoryBean : Initialized JPA EntityManagerFactory for persistence unit 'default'
2026-01-20T19:25:20.467+02:00  WARN 19420 --- [veebipood] [main] JpaBaseConfiguration$JpaWebConfiguration : spring.jpa.open-in-view is enabled by default. Therefore, database queries may be performed during view rendering. Explicitly configure spring.jpa.open-in-view to disable this warning
2026-01-20T19:25:20.517+02:00  WARN 19420 --- [veebipood] [main] .s.s.UserDetailsServiceAutoConfiguration : 

Using generated security password: 9a3448e9-417e-4286-99ca-7e2a68e82f1c

This generated password is for development use only. Your security configuration must be updated before running your application in production.

2026-01-20T19:25:20.532+02:00  INFO 19420 --- [veebipood] [main] r$InitializeUserDetailsManagerConfigurer : Global AuthenticationManager configured with UserDetailsService bean with name inMemoryUserDetailsManager
2026-01-20T19:25:21.303+02:00  INFO 19420 --- [veebipood] [main] o.s.b.w.embedded.tomcat.TomcatWebServer  : Tomcat started on port 8080 (http) with context path '/'
2026-01-20T19:25:21.314+02:00  INFO 19420 --- [veebipood] [main] e.mihkel.veebipood.VeebipoodApplication  : Started VeebipoodApplication in 6.585 seconds (process running for 7.522)
2026-01-20T19:25:29.900+02:00  INFO 19420 --- [veebipood] [http-nio-8080-exec-1] o.a.c.c.C.[Tomcat].[localhost].[/]       : Initializing Spring DispatcherServlet 'dispatcherServlet'
2026-01-20T19:25:29.901+02:00  INFO 19420 --- [veebipood] [http-nio-8080-exec-1] o.s.web.servlet.DispatcherServlet        : Initializing Servlet 'dispatcherServlet'
2026-01-20T19:25:29.903+02:00  INFO 19420 --- [veebipood] [http-nio-8080-exec-1] o.s.web.servlet.DispatcherServlet        : Completed initialization in 2 ms
2026-01-20T19:33:34.691+02:00  WARN 19420 --- [veebipood] [http-nio-8080-exec-7] ration$PageModule$WarningLoggingModifier : Serializing PageImpl instances as-is is not supported, meaning that there is no guarantee about the stability of the resulting JSON structure!
	For a stable JSON structure, please use Spring Data's PagedModel (globally via @EnableSpringDataWebSupport(pageSerializationMode = VIA_DTO))
	or Spring HATEOAS and Spring Data's PagedResourcesAssembler as documented in https://docs.spring.io/spring-data/commons/reference/repositories/core-extensions.html#core.web.pageables.

2026-01-20T19:51:14.309+02:00  INFO 19420 --- [veebipood] [SpringApplicationShutdownHook] o.s.b.w.e.tomcat.GracefulShutdown        : Commencing graceful shutdown. Waiting for active requests to complete
2026-01-20T19:51:14.320+02:00  INFO 19420 --- [veebipood] [tomcat-shutdown] o.s.b.w.e.tomcat.GracefulShutdown        : Graceful shutdown complete
2026-01-20T19:51:14.325+02:00  INFO 19420 --- [veebipood] [SpringApplicationShutdownHook] j.LocalContainerEntityManagerFactoryBean : Closing JPA EntityManagerFactory for persistence unit 'default'
2026-01-20T19:51:14.328+02:00  INFO 19420 --- [veebipood] [SpringApplicationShutdownHook] com.zaxxer.hikari.HikariDataSource       : HikariPool-1 - Shutdown initiated...
2026-01-20T19:51:14.330+02:00  INFO 19420 --- [veebipood] [SpringApplicationShutdownHook] com.zaxxer.hikari.HikariDataSource       : HikariPool-1 - Shutdown completed.
2026-01-20T19:51:19.012+02:00  INFO 28248 --- [veebipood] [main] e.mihkel.veebipood.VeebipoodApplication  : Starting VeebipoodApplication using Java 21.0.3 with PID 28248 (C:\Users\Admin\koolitused\full-stack-11-2025\veebipood\target\classes started by Admin in C:\Users\Admin\koolitused\full-stack-11-2025\veebipood)
2026-01-20T19:51:19.015+02:00  INFO 28248 --- [veebipood] [main] e.mihkel.veebipood.VeebipoodApplication  : The following 1 profile is active: "test"
2026-01-20T19:51:19.846+02:00  INFO 28248 --- [veebipood] [main] .s.d.r.c.RepositoryConfigurationDelegate : Bootstrapping Spring Data JPA repositories in DEFAULT mode.
2026-01-20T19:51:19.930+02:00  INFO 28248 --- [veebipood] [main] .s.d.r.c.RepositoryConfigurationDelegate : Finished Spring Data repository scanning in 74 ms. Found 4 JPA repository interfaces.
2026-01-20T19:51:20.516+02:00  INFO 28248 --- [veebipood] [main] o.s.b.w.embedded.tomcat.TomcatWebServer  : Tomcat initialized with port 8080 (http)
2026-01-20T19:51:20.530+02:00  INFO 28248 --- [veebipood] [main] o.apache.catalina.core.StandardService   : Starting service [Tomcat]
2026-01-20T19:51:20.530+02:00  INFO 28248 --- [veebipood] [main] o.apache.catalina.core.StandardEngine    : Starting Servlet engine: [Apache Tomcat/10.1.48]
2026-01-20T19:51:20.581+02:00  INFO 28248 --- [veebipood] [main] o.a.c.c.C.[Tomcat].[localhost].[/]       : Initializing Spring embedded WebApplicationContext
2026-01-20T19:51:20.582+02:00  INFO 28248 --- [veebipood] [main] w.s.c.ServletWebServerApplicationContext : Root WebApplicationContext: initialization completed in 1515 ms
2026-01-20T19:51:20.783+02:00  INFO 28248 --- [veebipood] [main] o.hibernate.jpa.internal.util.LogHelper  : HHH000204: Processing PersistenceUnitInfo [name: default]
2026-01-20T19:51:20.841+02:00  INFO 28248 --- [veebipood] [main] org.hibernate.Version                    : HHH000412: Hibernate ORM core version 6.6.33.Final
2026-01-20T19:51:20.873+02:00  INFO 28248 --- [veebipood] [main] o.h.c.internal.RegionFactoryInitiator    : HHH000026: Second-level cache disabled
2026-01-20T19:51:21.155+02:00  INFO 28248 --- [veebipood] [main] o.s.o.j.p.SpringPersistenceUnitInfo      : No LoadTimeWeaver setup: ignoring JPA class transformer
2026-01-20T19:51:21.185+02:00  INFO 28248 --- [veebipood] [main] com.zaxxer.hikari.HikariDataSource       : HikariPool-1 - Starting...
2026-01-20T19:51:21.358+02:00  INFO 28248 --- [veebipood] [main] com.zaxxer.hikari.pool.HikariPool        : HikariPool-1 - Added connection org.postgresql.jdbc.PgConnection@2f99d8c
2026-01-20T19:51:21.362+02:00  INFO 28248 --- [veebipood] [main] com.zaxxer.hikari.HikariDataSource       : HikariPool-1 - Start completed.
2026-01-20T19:51:21.431+02:00  INFO 28248 --- [veebipood] [main] org.hibernate.orm.connections.pooling    : HHH10001005: Database info:
	Database JDBC URL [Connecting through datasource 'HikariDataSource (HikariPool-1)']
	Database driver: undefined/unknown
	Database version: 16.2
	Autocommit mode: undefined/unknown
	Isolation level: undefined/unknown
	Minimum pool size: undefined/unknown
	Maximum pool size: undefined/unknown
2026-01-20T19:51:22.404+02:00  INFO 28248 --- [veebipood] [main] o.h.e.t.j.p.i.JtaPlatformInitiator       : HHH000489: No JTA platform available (set 'hibernate.transaction.jta.platform' to enable JTA platform integration)
2026-01-20T19:51:22.526+02:00  INFO 28248 --- [veebipood] [main] j.LocalContainerEntityManagerFactoryBean : Initialized JPA EntityManagerFactory for persistence unit 'default'
2026-01-20T19:51:22.999+02:00  WARN 28248 --- [veebipood] [main] JpaBaseConfiguration$JpaWebConfiguration : spring.jpa.open-in-view is enabled by default. Therefore, database queries may be performed during view rendering. Explicitly configure spring.jpa.open-in-view to disable this warning
2026-01-20T19:51:23.032+02:00  WARN 28248 --- [veebipood] [main] .s.s.UserDetailsServiceAutoConfiguration : 

Using generated security password: b9b50ec7-d851-432d-9353-ca6c9970721e

This generated password is for development use only. Your security configuration must be updated before running your application in production.

2026-01-20T19:51:23.040+02:00  INFO 28248 --- [veebipood] [main] r$InitializeUserDetailsManagerConfigurer : Global AuthenticationManager configured with UserDetailsService bean with name inMemoryUserDetailsManager
2026-01-20T19:51:23.550+02:00  INFO 28248 --- [veebipood] [main] o.s.b.w.embedded.tomcat.TomcatWebServer  : Tomcat started on port 8080 (http) with context path '/'
2026-01-20T19:51:23.558+02:00  INFO 28248 --- [veebipood] [main] e.mihkel.veebipood.VeebipoodApplication  : Started VeebipoodApplication in 5.14 seconds (process running for 5.916)
2026-01-20T19:52:30.776+02:00  INFO 28248 --- [veebipood] [SpringApplicationShutdownHook] o.s.b.w.e.tomcat.GracefulShutdown        : Commencing graceful shutdown. Waiting for active requests to complete
2026-01-20T19:52:30.784+02:00  INFO 28248 --- [veebipood] [tomcat-shutdown] o.s.b.w.e.tomcat.GracefulShutdown        : Graceful shutdown complete
2026-01-20T19:52:30.789+02:00  INFO 28248 --- [veebipood] [SpringApplicationShutdownHook] j.LocalContainerEntityManagerFactoryBean : Closing JPA EntityManagerFactory for persistence unit 'default'
2026-01-20T19:52:30.792+02:00  INFO 28248 --- [veebipood] [SpringApplicationShutdownHook] com.zaxxer.hikari.HikariDataSource       : HikariPool-1 - Shutdown initiated...
2026-01-20T19:52:30.795+02:00  INFO 28248 --- [veebipood] [SpringApplicationShutdownHook] com.zaxxer.hikari.HikariDataSource       : HikariPool-1 - Shutdown completed.
2026-01-20T19:52:33.246+02:00  INFO 11168 --- [veebipood] [main] e.mihkel.veebipood.VeebipoodApplication  : Starting VeebipoodApplication using Java 21.0.3 with PID 11168 (C:\Users\Admin\koolitused\full-stack-11-2025\veebipood\target\classes started by Admin in C:\Users\Admin\koolitused\full-stack-11-2025\veebipood)
2026-01-20T19:52:33.249+02:00  INFO 11168 --- [veebipood] [main] e.mihkel.veebipood.VeebipoodApplication  : The following 1 profile is active: "test"
2026-01-20T19:52:33.900+02:00  INFO 11168 --- [veebipood] [main] .s.d.r.c.RepositoryConfigurationDelegate : Bootstrapping Spring Data JPA repositories in DEFAULT mode.
2026-01-20T19:52:33.965+02:00  INFO 11168 --- [veebipood] [main] .s.d.r.c.RepositoryConfigurationDelegate : Finished Spring Data repository scanning in 50 ms. Found 4 JPA repository interfaces.
2026-01-20T19:52:34.425+02:00  INFO 11168 --- [veebipood] [main] o.s.b.w.embedded.tomcat.TomcatWebServer  : Tomcat initialized with port 8080 (http)
2026-01-20T19:52:34.438+02:00  INFO 11168 --- [veebipood] [main] o.apache.catalina.core.StandardService   : Starting service [Tomcat]
2026-01-20T19:52:34.438+02:00  INFO 11168 --- [veebipood] [main] o.apache.catalina.core.StandardEngine    : Starting Servlet engine: [Apache Tomcat/10.1.48]
2026-01-20T19:52:34.488+02:00  INFO 11168 --- [veebipood] [main] o.a.c.c.C.[Tomcat].[localhost].[/]       : Initializing Spring embedded WebApplicationContext
2026-01-20T19:52:34.488+02:00  INFO 11168 --- [veebipood] [main] w.s.c.ServletWebServerApplicationContext : Root WebApplicationContext: initialization completed in 1190 ms
2026-01-20T19:52:34.648+02:00  INFO 11168 --- [veebipood] [main] o.hibernate.jpa.internal.util.LogHelper  : HHH000204: Processing PersistenceUnitInfo [name: default]
2026-01-20T19:52:34.696+02:00  INFO 11168 --- [veebipood] [main] org.hibernate.Version                    : HHH000412: Hibernate ORM core version 6.6.33.Final
2026-01-20T19:52:34.724+02:00  INFO 11168 --- [veebipood] [main] o.h.c.internal.RegionFactoryInitiator    : HHH000026: Second-level cache disabled
2026-01-20T19:52:35.119+02:00  INFO 11168 --- [veebipood] [main] o.s.o.j.p.SpringPersistenceUnitInfo      : No LoadTimeWeaver setup: ignoring JPA class transformer
2026-01-20T19:52:35.164+02:00  INFO 11168 --- [veebipood] [main] com.zaxxer.hikari.HikariDataSource       : HikariPool-1 - Starting...
2026-01-20T19:52:35.390+02:00  INFO 11168 --- [veebipood] [main] com.zaxxer.hikari.pool.HikariPool        : HikariPool-1 - Added connection org.postgresql.jdbc.PgConnection@6076c66
2026-01-20T19:52:35.394+02:00  INFO 11168 --- [veebipood] [main] com.zaxxer.hikari.HikariDataSource       : HikariPool-1 - Start completed.
2026-01-20T19:52:35.491+02:00  INFO 11168 --- [veebipood] [main] org.hibernate.orm.connections.pooling    : HHH10001005: Database info:
	Database JDBC URL [Connecting through datasource 'HikariDataSource (HikariPool-1)']
	Database driver: undefined/unknown
	Database version: 16.2
	Autocommit mode: undefined/unknown
	Isolation level: undefined/unknown
	Minimum pool size: undefined/unknown
	Maximum pool size: undefined/unknown
2026-01-20T19:52:36.917+02:00  INFO 11168 --- [veebipood] [main] o.h.e.t.j.p.i.JtaPlatformInitiator       : HHH000489: No JTA platform available (set 'hibernate.transaction.jta.platform' to enable JTA platform integration)
2026-01-20T19:52:37.046+02:00  INFO 11168 --- [veebipood] [main] j.LocalContainerEntityManagerFactoryBean : Initialized JPA EntityManagerFactory for persistence unit 'default'
2026-01-20T19:52:37.611+02:00  WARN 11168 --- [veebipood] [main] JpaBaseConfiguration$JpaWebConfiguration : spring.jpa.open-in-view is enabled by default. Therefore, database queries may be performed during view rendering. Explicitly configure spring.jpa.open-in-view to disable this warning
2026-01-20T19:52:37.652+02:00  WARN 11168 --- [veebipood] [main] .s.s.UserDetailsServiceAutoConfiguration : 

Using generated security password: 7395e19d-c8cb-4fc4-89c0-0f17c7a0c862

This generated password is for development use only. Your security configuration must be updated before running your application in production.

2026-01-20T19:52:37.664+02:00  INFO 11168 --- [veebipood] [main] r$InitializeUserDetailsManagerConfigurer : Global AuthenticationManager configured with UserDetailsService bean with name inMemoryUserDetailsManager
2026-01-20T19:52:38.375+02:00  INFO 11168 --- [veebipood] [main] o.s.b.w.embedded.tomcat.TomcatWebServer  : Tomcat started on port 8080 (http) with context path '/'
2026-01-20T19:52:38.384+02:00  INFO 11168 --- [veebipood] [main] e.mihkel.veebipood.VeebipoodApplication  : Started VeebipoodApplication in 5.693 seconds (process running for 6.629)
2026-01-20T19:54:26.380+02:00  INFO 11168 --- [veebipood] [http-nio-8080-exec-1] o.a.c.c.C.[Tomcat].[localhost].[/]       : Initializing Spring DispatcherServlet 'dispatcherServlet'
2026-01-20T19:54:26.382+02:00  INFO 11168 --- [veebipood] [http-nio-8080-exec-1] o.s.web.servlet.DispatcherServlet        : Initializing Servlet 'dispatcherServlet'
2026-01-20T19:54:26.385+02:00  INFO 11168 --- [veebipood] [http-nio-8080-exec-1] o.s.web.servlet.DispatcherServlet        : Completed initialization in 3 ms
2026-01-20T20:20:31.265+02:00  INFO 11168 --- [veebipood] [SpringApplicationShutdownHook] o.s.b.w.e.tomcat.GracefulShutdown        : Commencing graceful shutdown. Waiting for active requests to complete
2026-01-20T20:20:31.272+02:00  INFO 11168 --- [veebipood] [tomcat-shutdown] o.s.b.w.e.tomcat.GracefulShutdown        : Graceful shutdown complete
2026-01-20T20:20:31.276+02:00  INFO 11168 --- [veebipood] [SpringApplicationShutdownHook] j.LocalContainerEntityManagerFactoryBean : Closing JPA EntityManagerFactory for persistence unit 'default'
2026-01-20T20:20:31.278+02:00  INFO 11168 --- [veebipood] [SpringApplicationShutdownHook] com.zaxxer.hikari.HikariDataSource       : HikariPool-1 - Shutdown initiated...
2026-01-20T20:20:31.280+02:00  INFO 11168 --- [veebipood] [SpringApplicationShutdownHook] com.zaxxer.hikari.HikariDataSource       : HikariPool-1 - Shutdown completed.
2026-01-20T20:20:35.925+02:00  INFO 3092 --- [veebipood] [main] e.mihkel.veebipood.VeebipoodApplication  : Starting VeebipoodApplication using Java 21.0.3 with PID 3092 (C:\Users\Admin\koolitused\full-stack-11-2025\veebipood\target\classes started by Admin in C:\Users\Admin\koolitused\full-stack-11-2025\veebipood)
2026-01-20T20:20:35.927+02:00  INFO 3092 --- [veebipood] [main] e.mihkel.veebipood.VeebipoodApplication  : The following 1 profile is active: "test"
2026-01-20T20:20:36.549+02:00  INFO 3092 --- [veebipood] [main] .s.d.r.c.RepositoryConfigurationDelegate : Bootstrapping Spring Data JPA repositories in DEFAULT mode.
2026-01-20T20:20:36.611+02:00  INFO 3092 --- [veebipood] [main] .s.d.r.c.RepositoryConfigurationDelegate : Finished Spring Data repository scanning in 50 ms. Found 4 JPA repository interfaces.
2026-01-20T20:20:37.017+02:00  INFO 3092 --- [veebipood] [main] o.s.b.w.embedded.tomcat.TomcatWebServer  : Tomcat initialized with port 8080 (http)
2026-01-20T20:20:37.030+02:00  INFO 3092 --- [veebipood] [main] o.apache.catalina.core.StandardService   : Starting service [Tomcat]
2026-01-20T20:20:37.030+02:00  INFO 3092 --- [veebipood] [main] o.apache.catalina.core.StandardEngine    : Starting Servlet engine: [Apache Tomcat/10.1.48]
2026-01-20T20:20:37.071+02:00  INFO 3092 --- [veebipood] [main] o.a.c.c.C.[Tomcat].[localhost].[/]       : Initializing Spring embedded WebApplicationContext
2026-01-20T20:20:37.071+02:00  INFO 3092 --- [veebipood] [main] w.s.c.ServletWebServerApplicationContext : Root WebApplicationContext: initialization completed in 1093 ms
2026-01-20T20:20:37.217+02:00  INFO 3092 --- [veebipood] [main] o.hibernate.jpa.internal.util.LogHelper  : HHH000204: Processing PersistenceUnitInfo [name: default]
2026-01-20T20:20:37.259+02:00  INFO 3092 --- [veebipood] [main] org.hibernate.Version                    : HHH000412: Hibernate ORM core version 6.6.33.Final
2026-01-20T20:20:37.283+02:00  INFO 3092 --- [veebipood] [main] o.h.c.internal.RegionFactoryInitiator    : HHH000026: Second-level cache disabled
2026-01-20T20:20:37.508+02:00  INFO 3092 --- [veebipood] [main] o.s.o.j.p.SpringPersistenceUnitInfo      : No LoadTimeWeaver setup: ignoring JPA class transformer
2026-01-20T20:20:37.532+02:00  INFO 3092 --- [veebipood] [main] com.zaxxer.hikari.HikariDataSource       : HikariPool-1 - Starting...
2026-01-20T20:20:37.667+02:00  INFO 3092 --- [veebipood] [main] com.zaxxer.hikari.pool.HikariPool        : HikariPool-1 - Added connection org.postgresql.jdbc.PgConnection@3d53e876
2026-01-20T20:20:37.668+02:00  INFO 3092 --- [veebipood] [main] com.zaxxer.hikari.HikariDataSource       : HikariPool-1 - Start completed.
2026-01-20T20:20:37.719+02:00  INFO 3092 --- [veebipood] [main] org.hibernate.orm.connections.pooling    : HHH10001005: Database info:
	Database JDBC URL [Connecting through datasource 'HikariDataSource (HikariPool-1)']
	Database driver: undefined/unknown
	Database version: 16.2
	Autocommit mode: undefined/unknown
	Isolation level: undefined/unknown
	Minimum pool size: undefined/unknown
	Maximum pool size: undefined/unknown
2026-01-20T20:20:39.112+02:00  INFO 3092 --- [veebipood] [main] o.h.e.t.j.p.i.JtaPlatformInitiator       : HHH000489: No JTA platform available (set 'hibernate.transaction.jta.platform' to enable JTA platform integration)
2026-01-20T20:20:39.243+02:00  INFO 3092 --- [veebipood] [main] j.LocalContainerEntityManagerFactoryBean : Initialized JPA EntityManagerFactory for persistence unit 'default'
2026-01-20T20:20:39.893+02:00  WARN 3092 --- [veebipood] [main] JpaBaseConfiguration$JpaWebConfiguration : spring.jpa.open-in-view is enabled by default. Therefore, database queries may be performed during view rendering. Explicitly configure spring.jpa.open-in-view to disable this warning
2026-01-20T20:20:39.951+02:00  WARN 3092 --- [veebipood] [main] .s.s.UserDetailsServiceAutoConfiguration : 

Using generated security password: 8780b648-0420-443a-af3d-d386140ec1d7

This generated password is for development use only. Your security configuration must be updated before running your application in production.

2026-01-20T20:20:39.968+02:00  INFO 3092 --- [veebipood] [main] r$InitializeUserDetailsManagerConfigurer : Global AuthenticationManager configured with UserDetailsService bean with name inMemoryUserDetailsManager
2026-01-20T20:20:40.681+02:00  INFO 3092 --- [veebipood] [main] o.s.b.w.embedded.tomcat.TomcatWebServer  : Tomcat started on port 8080 (http) with context path '/'
2026-01-20T20:20:40.692+02:00  INFO 3092 --- [veebipood] [main] e.mihkel.veebipood.VeebipoodApplication  : Started VeebipoodApplication in 5.269 seconds (process running for 5.928)
2026-01-20T20:20:58.868+02:00  INFO 3092 --- [veebipood] [http-nio-8080-exec-1] o.a.c.c.C.[Tomcat].[localhost].[/]       : Initializing Spring DispatcherServlet 'dispatcherServlet'
2026-01-20T20:20:58.868+02:00  INFO 3092 --- [veebipood] [http-nio-8080-exec-1] o.s.web.servlet.DispatcherServlet        : Initializing Servlet 'dispatcherServlet'
2026-01-20T20:20:58.869+02:00  INFO 3092 --- [veebipood] [http-nio-8080-exec-1] o.s.web.servlet.DispatcherServlet        : Completed initialization in 1 ms
2026-01-20T20:27:08.594+02:00  INFO 3092 --- [veebipood] [SpringApplicationShutdownHook] o.s.b.w.e.tomcat.GracefulShutdown        : Commencing graceful shutdown. Waiting for active requests to complete
2026-01-20T20:27:08.601+02:00  INFO 3092 --- [veebipood] [tomcat-shutdown] o.s.b.w.e.tomcat.GracefulShutdown        : Graceful shutdown complete
2026-01-20T20:27:08.605+02:00  INFO 3092 --- [veebipood] [SpringApplicationShutdownHook] j.LocalContainerEntityManagerFactoryBean : Closing JPA EntityManagerFactory for persistence unit 'default'
2026-01-20T20:27:08.607+02:00  INFO 3092 --- [veebipood] [SpringApplicationShutdownHook] com.zaxxer.hikari.HikariDataSource       : HikariPool-1 - Shutdown initiated...
2026-01-20T20:27:08.611+02:00  INFO 3092 --- [veebipood] [SpringApplicationShutdownHook] com.zaxxer.hikari.HikariDataSource       : HikariPool-1 - Shutdown completed.
2026-01-20T20:27:13.565+02:00  INFO 24740 --- [veebipood] [main] e.mihkel.veebipood.VeebipoodApplication  : Starting VeebipoodApplication using Java 21.0.3 with PID 24740 (C:\Users\Admin\koolitused\full-stack-11-2025\veebipood\target\classes started by Admin in C:\Users\Admin\koolitused\full-stack-11-2025\veebipood)
2026-01-20T20:27:13.567+02:00  INFO 24740 --- [veebipood] [main] e.mihkel.veebipood.VeebipoodApplication  : The following 1 profile is active: "test"
2026-01-20T20:27:14.181+02:00  INFO 24740 --- [veebipood] [main] .s.d.r.c.RepositoryConfigurationDelegate : Bootstrapping Spring Data JPA repositories in DEFAULT mode.
2026-01-20T20:27:14.252+02:00  INFO 24740 --- [veebipood] [main] .s.d.r.c.RepositoryConfigurationDelegate : Finished Spring Data repository scanning in 64 ms. Found 4 JPA repository interfaces.
2026-01-20T20:27:14.759+02:00  INFO 24740 --- [veebipood] [main] o.s.b.w.embedded.tomcat.TomcatWebServer  : Tomcat initialized with port 8080 (http)
2026-01-20T20:27:14.771+02:00  INFO 24740 --- [veebipood] [main] o.apache.catalina.core.StandardService   : Starting service [Tomcat]
2026-01-20T20:27:14.771+02:00  INFO 24740 --- [veebipood] [main] o.apache.catalina.core.StandardEngine    : Starting Servlet engine: [Apache Tomcat/10.1.48]
2026-01-20T20:27:14.818+02:00  INFO 24740 --- [veebipood] [main] o.a.c.c.C.[Tomcat].[localhost].[/]       : Initializing Spring embedded WebApplicationContext
2026-01-20T20:27:14.818+02:00  INFO 24740 --- [veebipood] [main] w.s.c.ServletWebServerApplicationContext : Root WebApplicationContext: initialization completed in 1202 ms
2026-01-20T20:27:14.982+02:00  INFO 24740 --- [veebipood] [main] o.hibernate.jpa.internal.util.LogHelper  : HHH000204: Processing PersistenceUnitInfo [name: default]
2026-01-20T20:27:15.020+02:00  INFO 24740 --- [veebipood] [main] org.hibernate.Version                    : HHH000412: Hibernate ORM core version 6.6.33.Final
2026-01-20T20:27:15.045+02:00  INFO 24740 --- [veebipood] [main] o.h.c.internal.RegionFactoryInitiator    : HHH000026: Second-level cache disabled
2026-01-20T20:27:15.283+02:00  INFO 24740 --- [veebipood] [main] o.s.o.j.p.SpringPersistenceUnitInfo      : No LoadTimeWeaver setup: ignoring JPA class transformer
2026-01-20T20:27:15.326+02:00  INFO 24740 --- [veebipood] [main] com.zaxxer.hikari.HikariDataSource       : HikariPool-1 - Starting...
2026-01-20T20:27:15.537+02:00  INFO 24740 --- [veebipood] [main] com.zaxxer.hikari.pool.HikariPool        : HikariPool-1 - Added connection org.postgresql.jdbc.PgConnection@16a09809
2026-01-20T20:27:15.540+02:00  INFO 24740 --- [veebipood] [main] com.zaxxer.hikari.HikariDataSource       : HikariPool-1 - Start completed.
2026-01-20T20:27:15.627+02:00  INFO 24740 --- [veebipood] [main] org.hibernate.orm.connections.pooling    : HHH10001005: Database info:
	Database JDBC URL [Connecting through datasource 'HikariDataSource (HikariPool-1)']
	Database driver: undefined/unknown
	Database version: 16.2
	Autocommit mode: undefined/unknown
	Isolation level: undefined/unknown
	Minimum pool size: undefined/unknown
	Maximum pool size: undefined/unknown
2026-01-20T20:27:16.894+02:00  INFO 24740 --- [veebipood] [main] o.h.e.t.j.p.i.JtaPlatformInitiator       : HHH000489: No JTA platform available (set 'hibernate.transaction.jta.platform' to enable JTA platform integration)
2026-01-20T20:27:17.027+02:00  INFO 24740 --- [veebipood] [main] j.LocalContainerEntityManagerFactoryBean : Initialized JPA EntityManagerFactory for persistence unit 'default'
2026-01-20T20:27:17.634+02:00  WARN 24740 --- [veebipood] [main] JpaBaseConfiguration$JpaWebConfiguration : spring.jpa.open-in-view is enabled by default. Therefore, database queries may be performed during view rendering. Explicitly configure spring.jpa.open-in-view to disable this warning
2026-01-20T20:27:17.677+02:00  WARN 24740 --- [veebipood] [main] .s.s.UserDetailsServiceAutoConfiguration : 

Using generated security password: 7eb9bfa0-5a63-467f-b1bb-c537f12ed614

This generated password is for development use only. Your security configuration must be updated before running your application in production.

2026-01-20T20:27:17.689+02:00  INFO 24740 --- [veebipood] [main] r$InitializeUserDetailsManagerConfigurer : Global AuthenticationManager configured with UserDetailsService bean with name inMemoryUserDetailsManager
2026-01-20T20:27:18.339+02:00  INFO 24740 --- [veebipood] [main] o.s.b.w.embedded.tomcat.TomcatWebServer  : Tomcat started on port 8080 (http) with context path '/'
2026-01-20T20:27:18.351+02:00  INFO 24740 --- [veebipood] [main] e.mihkel.veebipood.VeebipoodApplication  : Started VeebipoodApplication in 5.286 seconds (process running for 6.046)
2026-01-20T20:31:25.953+02:00  INFO 24740 --- [veebipood] [http-nio-8080-exec-2] o.a.c.c.C.[Tomcat].[localhost].[/]       : Initializing Spring DispatcherServlet 'dispatcherServlet'
2026-01-20T20:31:25.953+02:00  INFO 24740 --- [veebipood] [http-nio-8080-exec-2] o.s.web.servlet.DispatcherServlet        : Initializing Servlet 'dispatcherServlet'
2026-01-20T20:31:25.955+02:00  INFO 24740 --- [veebipood] [http-nio-8080-exec-2] o.s.web.servlet.DispatcherServlet        : Completed initialization in 2 ms
2026-01-20T20:40:51.556+02:00  WARN 24740 --- [veebipood] [http-nio-8080-exec-10] o.h.engine.jdbc.spi.SqlExceptionHelper   : SQL Error: 0, SQLState: 23503
2026-01-20T20:40:51.556+02:00 ERROR 24740 --- [veebipood] [http-nio-8080-exec-10] o.h.engine.jdbc.spi.SqlExceptionHelper   : ERROR: update or delete on table "product" violates foreign key constraint "fkrm329y1qei2vbtf3we4oh1gyx" on table "orders_products"
  Detail: Key (id)=(2) is still referenced from table "orders_products".
2026-01-20T21:22:58.198+02:00  INFO 24740 --- [veebipood] [SpringApplicationShutdownHook] o.s.b.w.e.tomcat.GracefulShutdown        : Commencing graceful shutdown. Waiting for active requests to complete
2026-01-20T21:22:58.214+02:00  INFO 24740 --- [veebipood] [tomcat-shutdown] o.s.b.w.e.tomcat.GracefulShutdown        : Graceful shutdown complete
2026-01-20T21:22:58.229+02:00  INFO 24740 --- [veebipood] [SpringApplicationShutdownHook] j.LocalContainerEntityManagerFactoryBean : Closing JPA EntityManagerFactory for persistence unit 'default'
2026-01-20T21:22:58.229+02:00  INFO 24740 --- [veebipood] [SpringApplicationShutdownHook] com.zaxxer.hikari.HikariDataSource       : HikariPool-1 - Shutdown initiated...
2026-01-20T21:22:58.245+02:00  INFO 24740 --- [veebipood] [SpringApplicationShutdownHook] com.zaxxer.hikari.HikariDataSource       : HikariPool-1 - Shutdown completed.
